module
is
a
test
of
keywords.
{
this
should
handle
brackets
and
a
multiword
keyword
}