module
is
a
test
of
keywords
.
{
this
should
h
a
ndle
br
a
ckets
a
nd
a
multiword
keyword
}